Class,Message,Severity,File,FilePath,LineNumber,Timestamp,Worker
org.apache.zookeeper.server.quorum.QuorumPeerConfig,"Invalid configuration, only one server specified (ignoring)",ERROR,appzookeeper_node1-0.log,node1/appzookeeper_0.20192.19.0718.15431619271965916137330/logs/appzookeeper_node1-0.log,4,08/09/2019 18:35:36,node1
org.apache.zookeeper.server.quorum.QuorumPeerConfig,"Invalid configuration, only one server specified (ignoring)",ERROR,appzookeeper_node1-0.log,node1/appzookeeper_0.20192.19.0718.15431619271965916137330/logs/appzookeeper_node1-0.log,11,08/09/2019 18:35:36,node1
