ProcessCpuUtil,TotalCpuUtil,ProcessName,ProcessIndex,ProcessId,FileName,FilePath,LineNumber,Timestamp,Worker
0,,hyper,0,8332,hyper_0_2019_08_09_00_00_00.log,node1/hyper_0.20192.19.0718.15435901975668669518554/logs/hyper_0_2019_08_09_00_00_00.log,2347,08/09/2019 20:49:14,node1
0,,hyper,0,8332,hyper_0_2019_08_09_00_00_00.log,node1/hyper_0.20192.19.0718.15435901975668669518554/logs/hyper_0_2019_08_09_00_00_00.log,2927,08/09/2019 21:04:18,node1
0,,hyper,0,8332,hyper_0_2019_08_09_00_00_00.log,node1/hyper_0.20192.19.0718.15435901975668669518554/logs/hyper_0_2019_08_09_00_00_00.log,2989,08/09/2019 21:19:18,node1
9,54,hyper,0,15564,hyper_0_2019_08_09_00_00_00.log,node1/hyper_0.20192.19.0718.15435901975668669518554/logs/hyper_0_2019_08_09_00_00_00.log,5294,08/09/2019 21:51:15,node1
