BackgrounderJobId,Class,File,Line,Message,Severity,Site,Thread,Timestamp
142,com.tableausoftware.backgrounder.runner.BackgroundJobRunner,backgrounder-0.log,598,"Error executing backgroundjob: RefreshExtracts
java.util.concurrent.ExecutionException: com.tableausoftware.nativeapi.dll.DataSourceException: The directory is missing or has been moved: C:/Users/Administrator/Desktop/autotel-shared-car-locations


	at java.util.concurrent.FutureTask.report(FutureTask.java:122)
	at java.util.concurrent.FutureTask.get(FutureTask.java:206)
	at com.tableausoftware.backgrounder.runner.BackgroundJobRunner.executeNextJob_aroundBody2(BackgroundJobRunner.java:320)
	at com.tableausoftware.backgrounder.runner.BackgroundJobRunner$AjcClosure3.run(BackgroundJobRunner.java:1)
	at org.aspectj.runtime.reflect.JoinPointImpl.proceed(JoinPointImpl.java:149)
	at com.tableausoftware.instrumentation.InstrumentedMethod.instrumentInvocation(InstrumentedMethod.java:66)
	at com.tableausoftware.instrumentation.InstrumentationAspect.aroundAnnotatedMethod(InstrumentationAspect.java:57)
	at com.tableausoftware.backgrounder.runner.BackgroundJobRunner.executeNextJob(BackgroundJobRunner.java:249)
	at com.tableausoftware.backgrounder.runner.BackgroundJobRunner.executeJobs_aroundBody0(BackgroundJobRunner.java:237)
	at com.tableausoftware.backgrounder.runner.BackgroundJobRunner$AjcClosure1.run(BackgroundJobRunner.java:1)
	at org.aspectj.runtime.reflect.JoinPointImpl.proceed(JoinPointImpl.java:149)
	at com.tableausoftware.instrumentation.InstrumentedMethod.instrumentInvocation(InstrumentedMethod.java:66)
	at com.tableausoftware.instrumentation.InstrumentationAspect.aroundAnnotatedMethod(InstrumentationAspect.java:57)
	at com.tableausoftware.backgrounder.runner.BackgroundJobRunner.executeJobs(BackgroundJobRunner.java:214)
	at com.tableausoftware.backgrounder.config.BackgroundJobRunnerSchedulingConfig.lambda$scheduleTask$0(BackgroundJobRunnerSchedulingConfig.java:42)
	at org.springframework.scheduling.support.DelegatingErrorHandlingRunnable.run(DelegatingErrorHandlingRunnable.java:54)
	at java.util.concurrent.Executors$RunnableAdapter.call(Executors.java:511)
	at java.util.concurrent.FutureTask.runAndReset(FutureTask.java:308)
	at java.util.concurrent.ScheduledThreadPoolExecutor$ScheduledFutureTask.access$301(ScheduledThreadPoolExecutor.java:180)
	at java.util.concurrent.ScheduledThreadPoolExecutor$ScheduledFutureTask.run(ScheduledThreadPoolExecutor.java:294)
	at java.util.concurrent.ThreadPoolExecutor.runWorker(ThreadPoolExecutor.java:1149)
	at java.util.concurrent.ThreadPoolExecutor$Worker.run(ThreadPoolExecutor.java:624)
	at java.lang.Thread.run(Thread.java:748)
Caused by: com.tableausoftware.nativeapi.dll.DataSourceException: The directory is missing or has been moved: C:/Users/Administrator/Desktop/autotel-shared-car-locations


	at com.tableausoftware.nativeapi.dll.DataSourceException.getDataSourceException(DataSourceException.java:39)
	at com.tableausoftware.nativeapi.dll.NativeApiJNI.VQLSessionDelegate_ExecuteCommandForSessionInternal__SWIG_1(Native Method)
	at com.tableausoftware.nativeapi.dll.VQLSessionDelegate.ExecuteCommandForSessionInternal(VQLSessionDelegate.java:63)
	at com.tableausoftware.nativeapi.commands.CommandHandler.executeForSession(CommandHandler.java:103)
	at com.tableausoftware.nativeapi.commands.CommandHandler.doCommand(CommandHandler.java:126)
	at com.tableausoftware.nativeapi.commands.ExtractsCommands.refreshWorkbookExtracts(ExtractsCommands.java:350)
	at com.tableausoftware.model.workgroup.service.HyperEngineWrapper.refreshExtracts(HyperEngineWrapper.java:142)
	at com.tableausoftware.model.workgroup.service.VqlSessionService$VqlSessionAction.doNativeApiWorkbookExtractAction(VqlSessionService.java:2569)
	at com.tableausoftware.model.workgroup.service.VqlSessionService$VqlSessionAction.access$1900(VqlSessionService.java:1578)
	at com.tableausoftware.model.workgroup.service.VqlSessionService.refreshExtractsForWorkbook(VqlSessionService.java:990)
	at com.tableausoftware.model.workgroup.workers.ExtractsWorker.refreshWorkbook(ExtractsWorker.java:635)
	at com.tableausoftware.model.workgroup.workers.ExtractsWorker.executeWithDataengine(ExtractsWorker.java:350)
	at com.tableausoftware.model.workgroup.workers.RefreshExtractsWorker.executeWithDataengine_aroundBody0(RefreshExtractsWorker.java:97)
	at com.tableausoftware.model.workgroup.workers.RefreshExtractsWorker$AjcClosure1.run(RefreshExtractsWorker.java:1)
	at org.aspectj.runtime.reflect.JoinPointImpl.proceed(JoinPointImpl.java:149)
	at com.tableausoftware.instrumentation.InstrumentedMethod.instrumentInvocation(InstrumentedMethod.java:66)
	at com.tableausoftware.instrumentation.InstrumentationAspect.aroundAnnotatedMethod(InstrumentationAspect.java:57)
	at com.tableausoftware.model.workgroup.workers.RefreshExtractsWorker.executeWithDataengine(RefreshExtractsWorker.java:97)
	at com.tableausoftware.model.workgroup.workers.DataengineDependentWorker.execute(DataengineDependentWorker.java:65)
	at com.tableausoftware.backgrounder.runner.BackgroundJobRunner$ExecuteJobImplCallable.call_aroundBody0(BackgroundJobRunner.java:490)
	at com.tableausoftware.backgrounder.runner.BackgroundJobRunner$ExecuteJobImplCallable$AjcClosure1.run(BackgroundJobRunner.java:1)
	at org.aspectj.runtime.reflect.JoinPointImpl.proceed(JoinPointImpl.java:149)
	at com.tableausoftware.instrumentation.InstrumentedMethod.instrumentInvocation(InstrumentedMethod.java:66)
	at com.tableausoftware.instrumentation.InstrumentationAspect.aroundAnnotatedMethod(InstrumentationAspect.java:57)
	at com.tableausoftware.backgrounder.runner.BackgroundJobRunner$ExecuteJobImplCallable.call(BackgroundJobRunner.java:473)
	at com.tableausoftware.backgrounder.runner.BackgroundJobRunner$ExecuteJobImplCallable.call(BackgroundJobRunner.java:455)
	at java.util.concurrent.FutureTask.run(FutureTask.java:266)
	... 3 more",ERROR,Default,scheduled-background-job-runner-1,08/12/2019 22:36:25
142,com.tableausoftware.model.workgroup.util.EmailHelper,backgrounder-0.log,657,The svcmonitor.notification.smtp.server setting is blank. Cannot send email.,ERROR,Default,scheduled-background-job-runner-1,08/12/2019 22:36:25
142,com.tableausoftware.model.workgroup.workers.RefreshExtractsWorker,backgrounder-0.log,658,"Failed to send email notification upon refresh failure.
com.tableausoftware.model.workgroup.util.EmailHelper$SMTPServerException: No SMTP host name configured.
	at com.tableausoftware.model.workgroup.util.EmailHelper.getEmailClient(EmailHelper.java:139)
	at com.tableausoftware.model.workgroup.util.EmailHelper.<init>(EmailHelper.java:46)
	at com.tableausoftware.model.workgroup.workers.ExtractsWorker.sendNotificationOnFailure(ExtractsWorker.java:257)
	at com.tableausoftware.backgrounder.runner.BackgroundJobRunner.onExecutionFailure_aroundBody4(BackgroundJobRunner.java:437)
	at com.tableausoftware.backgrounder.runner.BackgroundJobRunner$AjcClosure5.run(BackgroundJobRunner.java:1)
	at org.aspectj.runtime.reflect.JoinPointImpl.proceed(JoinPointImpl.java:149)
	at com.tableausoftware.instrumentation.InstrumentedMethod.instrumentInvocation(InstrumentedMethod.java:66)
	at com.tableausoftware.instrumentation.InstrumentationAspect.aroundAnnotatedMethod(InstrumentationAspect.java:57)
	at com.tableausoftware.backgrounder.runner.BackgroundJobRunner.onExecutionFailure(BackgroundJobRunner.java:437)
	at com.tableausoftware.backgrounder.runner.BackgroundJobRunner.executeNextJob_aroundBody2(BackgroundJobRunner.java:390)
	at com.tableausoftware.backgrounder.runner.BackgroundJobRunner$AjcClosure3.run(BackgroundJobRunner.java:1)
	at org.aspectj.runtime.reflect.JoinPointImpl.proceed(JoinPointImpl.java:149)
	at com.tableausoftware.instrumentation.InstrumentedMethod.instrumentInvocation(InstrumentedMethod.java:66)
	at com.tableausoftware.instrumentation.InstrumentationAspect.aroundAnnotatedMethod(InstrumentationAspect.java:57)
	at com.tableausoftware.backgrounder.runner.BackgroundJobRunner.executeNextJob(BackgroundJobRunner.java:249)
	at com.tableausoftware.backgrounder.runner.BackgroundJobRunner.executeJobs_aroundBody0(BackgroundJobRunner.java:237)
	at com.tableausoftware.backgrounder.runner.BackgroundJobRunner$AjcClosure1.run(BackgroundJobRunner.java:1)
	at org.aspectj.runtime.reflect.JoinPointImpl.proceed(JoinPointImpl.java:149)
	at com.tableausoftware.instrumentation.InstrumentedMethod.instrumentInvocation(InstrumentedMethod.java:66)
	at com.tableausoftware.instrumentation.InstrumentationAspect.aroundAnnotatedMethod(InstrumentationAspect.java:57)
	at com.tableausoftware.backgrounder.runner.BackgroundJobRunner.executeJobs(BackgroundJobRunner.java:214)
	at com.tableausoftware.backgrounder.config.BackgroundJobRunnerSchedulingConfig.lambda$scheduleTask$0(BackgroundJobRunnerSchedulingConfig.java:42)
	at org.springframework.scheduling.support.DelegatingErrorHandlingRunnable.run(DelegatingErrorHandlingRunnable.java:54)
	at java.util.concurrent.Executors$RunnableAdapter.call(Executors.java:511)
	at java.util.concurrent.FutureTask.runAndReset(FutureTask.java:308)
	at java.util.concurrent.ScheduledThreadPoolExecutor$ScheduledFutureTask.access$301(ScheduledThreadPoolExecutor.java:180)
	at java.util.concurrent.ScheduledThreadPoolExecutor$ScheduledFutureTask.run(ScheduledThreadPoolExecutor.java:294)
	at java.util.concurrent.ThreadPoolExecutor.runWorker(ThreadPoolExecutor.java:1149)
	at java.util.concurrent.ThreadPoolExecutor$Worker.run(ThreadPoolExecutor.java:624)
	at java.lang.Thread.run(Thread.java:748)
Caused by: java.lang.IllegalArgumentException: smtpHost is required
	at com.google.common.base.Preconditions.checkArgument(Preconditions.java:122)
	at com.tableausoftware.core.util.SMTPClient.<init>(SMTPClient.java:101)
	at com.tableausoftware.model.workgroup.util.EmailHelper.getEmailClient(EmailHelper.java:132)
	... 29 more",ERROR,Default,scheduled-background-job-runner-1,08/12/2019 22:36:25
