ProcessMemoryUtil,TotalMemoryUtil,ProcessName,ProcessIndex,ProcessId,FileName,FilePath,LineNumber,Timestamp,Worker
160628736,9387679744,hyper,,3728,hyper_2019_08_12_21_19_30.log,worker1/hyper/hyper_2019_08_12_21_19_30.log,1407,08/12/2019 21:34:51,worker1
158990336,9445040128,hyper,,3728,hyper_2019_08_12_21_19_30.log,worker1/hyper/hyper_2019_08_12_21_19_30.log,1409,08/12/2019 21:49:51,worker1
158990336,9635475456,hyper,,3728,hyper_2019_08_12_21_19_30.log,worker1/hyper/hyper_2019_08_12_21_19_30.log,1411,08/12/2019 22:04:51,worker1
134348800,10531483648,hyper,,9600,hyper_2019_08_12_22_17_16.log,worker1/hyper/hyper_2019_08_12_22_17_16.log,25,08/12/2019 22:32:39,worker1
192159744,12927569920,hyper,,9600,hyper_2019_08_12_22_17_16.log,worker1/hyper/hyper_2019_08_12_22_17_16.log,3127,08/12/2019 22:47:39,worker1
192159744,12935987200,hyper,,9600,hyper_2019_08_12_22_17_16.log,worker1/hyper/hyper_2019_08_12_22_17_16.log,3129,08/12/2019 23:02:39,worker1
192159744,12804874240,hyper,,9600,hyper_2019_08_12_22_17_16.log,worker1/hyper/hyper_2019_08_12_22_17_16.log,3131,08/12/2019 23:17:39,worker1
192159744,12815384576,hyper,,9600,hyper_2019_08_12_22_17_16.log,worker1/hyper/hyper_2019_08_12_22_17_16.log,3133,08/12/2019 23:32:39,worker1
192159744,12733440000,hyper,,9600,hyper_2019_08_12_22_17_16.log,worker1/hyper/hyper_2019_08_12_22_17_16.log,3135,08/12/2019 23:47:40,worker1
