File,FilePath,Hostname,Id,Line,Message,Severity,Timestamp,TimestampGmt,TimestampOffset,Version,VersionId,VersionLong,Worker
tabadmin.log,logs/tabadmin.log,EC2AMAZ-S05LE70,logs/tabadmin.log-2137,2137,"The run-as password is empty. If the run-as user is a built-in system account, this is likely fine. Otherwise, services will likely fail to start.",WARN,08/12/2019 21:09:17,08/12/2019 21:09:17,+0000,10.5,logs/tabadmin.log-1,10500.19.0716.1231,worker0
tabadmin.log,logs/tabadmin.log,EC2AMAZ-S05LE70,logs/tabadmin.log-3774,3774,"The run-as password is empty. If the run-as user is a built-in system account, this is likely fine. Otherwise, services will likely fail to start.",WARN,08/12/2019 21:15:29,08/12/2019 21:15:29,+0000,10.5,logs/tabadmin.log-1,10500.19.0716.1231,worker0
